pool: 6 workers, núcleos 0-5, nice 19, checkpoint a cada 5 gerações
concluídas : 5/85
  rodada 1: █████············ 5/17
  rodada 2: ················· 0/17
  rodada 3: ················· 0/17
  rodada 4: ················· 0/17
  rodada 5: ················· 0/17
faltam     : 80
  -> brc202d s1 (núcleo 0)
  -> brc203d s1 (núcleo 1)
  -> den000d s1 (núcleo 2)
  -> den005d s1 (núcleo 3)
  -> den011d s1 (núcleo 4)
  -> den012d s1 (núcleo 5)
  ok den011d s1   [6/85]  ETA ~17.6 h
consolidado: 6 sínteses -> medicoes/sintese_repetida.csv
  -> den500d s1 (núcleo 5)
  ok den000d s1   [8/85]  ETA ~26.0 h
consolidado: 8 sínteses -> medicoes/sintese_repetida.csv
  -> den501d s1 (núcleo 5)
  ok brc203d s1   [9/85]  ETA ~20.4 h
consolidado: 9 sínteses -> medicoes/sintese_repetida.csv
  -> den602d s1 (núcleo 5)
  ok den005d s1   [10/85]  ETA ~15.3 h
consolidado: 10 sínteses -> medicoes/sintese_repetida.csv
  -> hrt201n s1 (núcleo 5)
  ok den012d s1   [11/85]  ETA ~21.7 h
consolidado: 11 sínteses -> medicoes/sintese_repetida.csv
  -> lak506d s1 (núcleo 5)
  ok brc202d s1   [12/85]  ETA ~26.5 h
consolidado: 12 sínteses -> medicoes/sintese_repetida.csv
  -> arena s2 (núcleo 5)
  ok arena s2   [13/85]  ETA ~22.7 h
consolidado: 13 sínteses -> medicoes/sintese_repetida.csv
  -> arena2 s2 (núcleo 5)
  ok lak506d s1   [14/85]  ETA ~39.9 h
consolidado: 14 sínteses -> medicoes/sintese_repetida.csv
  -> brc000d s2 (núcleo 5)
