den501d Radial 0.1 n=10 difs=136285/264530 delta_fresco=0.912862 delta_congelado=0.922862
den501d Radial 0.1 n=20 difs=273792/529060 delta_fresco=3.34586 delta_congelado=1.10756
den501d Radial 0.1 n=50 difs=672704/1322650 delta_fresco=1.05597 delta_congelado=1.19496
den501d Radial 0.1 n=100 difs=1266417/2645300 delta_fresco=1.05232 delta_congelado=1.22663
den501d Radial 0.2 n=10 difs=224176/264530 delta_fresco=0.976738 delta_congelado=0.929969
den501d Radial 0.2 n=20 difs=433540/529060 delta_fresco=3.48351 delta_congelado=1.21513
den501d Radial 0.2 n=50 difs=1096313/1322650 delta_fresco=1.28433 delta_congelado=1.35019
den501d Radial 0.2 n=100 difs=2154790/2645300 delta_fresco=1.14435 delta_congelado=1.38335
den501d Radial 0.3 n=10 difs=253183/264530 delta_fresco=1.35418 delta_congelado=0.849077
den501d Radial 0.3 n=20 difs=504439/529060 delta_fresco=3.4721 delta_congelado=1.19587
den501d Radial 0.3 n=50 difs=1254079/1322650 delta_fresco=1.55466 delta_congelado=1.43843
den501d Radial 0.3 n=100 difs=2504988/2645300 delta_fresco=1.13032 delta_congelado=1.50155
den501d Linear 0.1 n=10 difs=259137/264530 delta_fresco=4.28631 delta_congelado=1
den501d Linear 0.1 n=20 difs=517928/529060 delta_fresco=3.45238 delta_congelado=1
den501d Linear 0.1 n=50 difs=1292365/1322650 delta_fresco=2.61905 delta_congelado=1
den501d Linear 0.1 n=100 difs=2587292/2645300 delta_fresco=1.55952 delta_congelado=1
den501d Linear 0.2 n=10 difs=263617/264530 delta_fresco=4.76349 delta_congelado=1
den501d Linear 0.2 n=20 difs=525969/529060 delta_fresco=11.1429 delta_congelado=1
den501d Linear 0.2 n=50 difs=1314196/1322650 delta_fresco=5.70238 delta_congelado=1
den501d Linear 0.2 n=100 difs=2626969/2645300 delta_fresco=2.89286 delta_congelado=1
den501d Linear 0.3 n=10 difs=264185/264530 delta_fresco=3.46888 delta_congelado=0.813278
den501d Linear 0.3 n=20 difs=527771/529060 delta_fresco=8.36905 delta_congelado=1.54762
den501d Linear 0.3 n=50 difs=1320057/1322650 delta_fresco=5.22619 delta_congelado=1.54762
den501d Linear 0.3 n=100 difs=2638630/2645300 delta_fresco=3 delta_congelado=1.54762
den501d Sparse 0.1 n=10 difs=179913/264530 delta_fresco=2.27981 delta_congelado=1.01161
den501d Sparse 0.1 n=20 difs=314057/529060 delta_fresco=1.19936 delta_congelado=1.02166
den501d Sparse 0.1 n=50 difs=839348/1322650 delta_fresco=1.10892 delta_congelado=1.03203
den501d Sparse 0.1 n=100 difs=1603434/2645300 delta_fresco=1.04431 delta_congelado=1.04472
den501d Sparse 0.2 n=10 difs=236790/264530 delta_fresco=4.57101 delta_congelado=0.995252
den501d Sparse 0.2 n=20 difs=456752/529060 delta_fresco=1.8291 delta_congelado=1.00708
den501d Sparse 0.2 n=50 difs=1198268/1322650 delta_fresco=2.7229 delta_congelado=1.03435
den501d Sparse 0.2 n=100 difs=2342362/2645300 delta_fresco=1.20094 delta_congelado=1.05248
den501d Sparse 0.3 n=10 difs=255777/264530 delta_fresco=6.50897 delta_congelado=0.986495
den501d Sparse 0.3 n=20 difs=503199/529060 delta_fresco=3.03651 delta_congelado=0.996529
den501d Sparse 0.3 n=50 difs=1270544/1322650 delta_fresco=2.7738 delta_congelado=1.03381
den501d Sparse 0.3 n=100 difs=2517192/2645300 delta_fresco=1.30039 delta_congelado=1.05411
den501d Organic 0.1 n=10 difs=199822/264530 delta_fresco=1.24434 delta_congelado=0.958831
den501d Organic 0.1 n=20 difs=377761/529060 delta_fresco=1.24304 delta_congelado=1
den501d Organic 0.1 n=50 difs=958863/1322650 delta_fresco=1.05403 delta_congelado=1
den501d Organic 0.1 n=100 difs=1887439/2645300 delta_fresco=1 delta_congelado=1
den501d Organic 0.2 n=10 difs=243065/264530 delta_fresco=3.28106 delta_congelado=1.83515
den501d Organic 0.2 n=20 difs=482718/529060 delta_fresco=1.76417 delta_congelado=2.70653
den501d Organic 0.2 n=50 difs=1198298/1322650 delta_fresco=1.45515 delta_congelado=2.81091
den501d Organic 0.2 n=100 difs=2415577/2645300 delta_fresco=1.11289 delta_congelado=2.826
den501d Organic 0.3 n=10 difs=260262/264530 delta_fresco=7.25896 delta_congelado=1.83639
den501d Organic 0.3 n=20 difs=517070/529060 delta_fresco=4.72334 delta_congelado=2.97839
den501d Organic 0.3 n=50 difs=1276711/1322650 delta_fresco=2.08359 delta_congelado=3.10398
den501d Organic 0.3 n=100 difs=2565497/2645300 delta_fresco=1.55101 delta_congelado=3.12377
den501d Stochastic 0.1 n=10 difs=246902/264530 delta_fresco=0.948352 delta_congelado=1.10548
den501d Stochastic 0.1 n=20 difs=489085/529060 delta_fresco=1.29551 delta_congelado=1.92825
den501d Stochastic 0.1 n=50 difs=1221847/1322650 delta_fresco=1.41919 delta_congelado=2.83122
den501d Stochastic 0.1 n=100 difs=2452820/2645300 delta_fresco=1.37073 delta_congelado=3.14665
den501d Stochastic 0.2 n=10 difs=262288/264530 delta_fresco=1.07532 delta_congelado=1.09534
den501d Stochastic 0.2 n=20 difs=520416/529060 delta_fresco=1.73243 delta_congelado=2.40443
den501d Stochastic 0.2 n=50 difs=1300808/1322650 delta_fresco=1.7799 delta_congelado=3.97708
den501d Stochastic 0.2 n=100 difs=2601601/2645300 delta_fresco=1.6321 delta_congelado=4.5202
den501d Stochastic 0.3 n=10 difs=263912/264530 delta_fresco=1.77766 delta_congelado=1.22804
den501d Stochastic 0.3 n=20 difs=527162/529060 delta_fresco=3.66782 delta_congelado=3.47902
den501d Stochastic 0.3 n=50 difs=1319389/1322650 delta_fresco=4.49845 delta_congelado=6.39842
den501d Stochastic 0.3 n=100 difs=2635760/2645300 delta_fresco=3.12942 delta_congelado=7.50805
